// Jest Snapshot v1, https://goo.gl/fbAQLP

exports[`App component renders App 1`] = `
<Fragment>
  <Header />
  <div
    className="characterHero"
  >
    <Character
      gender="Male"
      imgSrc="https://rickandmortyapi.com/api/character/avatar/29.jpeg"
      lastLocation="Interdimensional Cable"
      name="Baby Legs"
      origin="unknown"
      species="Human, Human with baby legs"
      status="Alive"
    />
    <Character
      gender="Unknown"
      imgSrc="https://rickandmortyapi.com/api/character/avatar/142.jpeg"
      lastLocation="Resort Planet"
      name="Gibble Snake"
      origin="Resort Planet"
      species="Alien"
      status="Dead"
    />
    <Character
      gender="Female"
      imgSrc="https://rickandmortyapi.com/api/character/avatar/207.jpeg"
      lastLocation="Earth (Replacement Dimension)"
      name="Jacqueline"
      origin="Earth (Replacement Dimension)"
      species="Human"
      status="Alive"
    />
    <Character
      gender="Male"
      imgSrc="https://rickandmortyapi.com/api/character/avatar/224.jpeg"
      lastLocation="Interdimensional Cable"
      name="Michael McLick"
      origin="unknown"
      species="Human"
      status="Alive"
    />
    <Character
      gender="Male"
      imgSrc="https://rickandmortyapi.com/api/character/avatar/403.jpeg"
      lastLocation="Interdimensional Cable"
      name="Corn Detective"
      origin="Interdimensional Cable"
      species="Corn-Person"
      status="Dead"
    />
    <Character
      gender="Male"
      imgSrc="https://rickandmortyapi.com/api/character/avatar/405.jpeg"
      lastLocation="Interdimensional Cable"
      name="Trunkphobic Suspenders Guy"
      origin="Interdimensional Cable"
      species="Human"
      status="Alive"
    />
    <Character
      gender="Female"
      imgSrc="https://rickandmortyapi.com/api/character/avatar/421.jpeg"
      lastLocation="Pluto"
      name="Rich Plutonian"
      origin="Pluto"
      species="Plutonian"
      status="Alive"
    />
    <Character
      gender="Male"
      imgSrc="https://rickandmortyapi.com/api/character/avatar/427.jpeg"
      lastLocation="Earth (Phone Dimension)"
      name="Phone-Person"
      origin="Earth (Phone Dimension)"
      species="Humanoid Phone"
      status="Alive"
    />
  </div>
  <Footer />
</Fragment>
`;
